// Vitest Snapshot v1, https://vitest.dev/guide/snapshot.html

exports[`<Container> component > renders alternate alignment 1`] = `"<table align=\\"right\\" width=\\"100%\\" role=\\"presentation\\" cellSpacing=\\"0\\" cellPadding=\\"0\\" border=\\"0\\" style=\\"max-width:37.5em\\"><tbody><tr style=\\"width:100%\\"><td align=\\"right\\"><button>Hi</button></td></tr></tbody></table>"`;

exports[`<Container> component > renders correctly 1`] = `"<table align=\\"center\\" width=\\"100%\\" role=\\"presentation\\" cellSpacing=\\"0\\" cellPadding=\\"0\\" border=\\"0\\" style=\\"max-width:300px\\"><tbody><tr style=\\"width:100%\\"><td align=\\"center\\"><button>Hi</button></td></tr></tbody></table>"`;
