<html
  lang="en"
  dir="ltr"
>
  <head>
  </head>
  <body>
    123
  </body>
</html>